eslint:
  ✔ No issues detected

shellcheck:
  ✔ No issues detected

