[detached HEAD ] bad
 1 file changed, 1 insertion(+)
 create mode 100644 failure.py
