flake8 undefined-name https://lintlyci.github.io/Flake8Rules/rules/F821.html
     > bar.py:1
     ╷
    1│   y = z
     ╵
     = undefined name 'z'

