[master ] foo
 1 file changed, 1 deletion(-)
 delete mode 100644 foo.py
