bandit:
  ✔ No issues detected

flake8:
  ✔ No issues detected

