flake8 not-executable https://github.com/xuhdev/flake8-executable/blob/master/README.md#flake8-executable
     > manage.py:1
     ╷
    1│   #!/usr/bin/env python
     ╵
     = Shebang is present but the file is not executable.

flake8:
  not-executable     1▕▬▬▬▬▬▬▬▬▬▬▬▬▬▬▬▬▬▬▬▬▬▬▬▬▬▬▬▬▬▬▬▬▬▬▬▬▬▬▬▬▬▬▬▬▬▬▬▬▬▬▬▬▬▬▬▬

