r2c.jinja jinjalint-missing-meta-content-type https://bento.dev/checks/jinja/missing-meta-content-type/
     > app/templates/app/layout.html:1
     = HTML missing a meta content-type declaration may result in content
       misinterpretation in certain browsers, especially when using the
       'file://' protocol, and thus XSS. Include a meta content-type like '<meta
       http-equiv="Content-Type" content="text/html; charset=UTF-8">' to avoid
       misinterpretation.

r2c.jinja jinjalint-recursion-error
     > readme.html:0
     = Parse error: maximum recursion depth exceeded

