==> Bento Summary
r2c.bandit:
  ✔ No issues detected

r2c.click:
  ✔ No issues detected

r2c.flask:
  ✔ No issues detected

