[detached HEAD ] bad
 1 file changed, 6 insertions(+)
 create mode 100644 failure.py
