Merge branch 'lhs' into rhs

# Conflicts:
#	foo.py
