On branch master
Changes not staged for commit:
	modified:   foo.py

Untracked files:
	.bento/
	.bentoignore

no changes added to commit
