On branch master
Untracked files:
	.bento/
	.bentoignore
	bar.py

nothing added to commit but untracked files present
